2026-06-26 16:31:07.957 | INFO     | __main__:<module>:1 - HQAI Logger Working
2026-06-26 16:43:28.256 | INFO     | hqai.core.database:__init__:25 - Connected to DuckDB: /Users/ravivr/Documents/HANAKA_QUANT_AI/database/hqai.duckdb
2026-06-26 17:27:19.394 | INFO     | hqai.core.database:connect:54 - Connected -> /Users/ravivr/Documents/HANAKA_QUANT_AI/database/hqai.duckdb
2026-06-26 17:55:50.507 | INFO     | hqai.universe.agent:run:15 - ============================================================
2026-06-26 17:55:50.507 | INFO     | hqai.universe.agent:run:16 - HQAI Universe Agent Started
2026-06-26 17:55:50.507 | INFO     | hqai.universe.agent:run:17 - ============================================================
2026-06-26 17:57:02.830 | INFO     | hqai.universe.agent:run:15 - ============================================================
2026-06-26 17:57:02.830 | INFO     | hqai.universe.agent:run:16 - HQAI Universe Agent Started
2026-06-26 17:57:02.830 | INFO     | hqai.universe.agent:run:17 - ============================================================
2026-06-28 17:33:54.459 | INFO     | hqai.universe.agent:run:15 - ============================================================
2026-06-28 17:33:54.459 | INFO     | hqai.universe.agent:run:16 - HQAI Universe Agent Started
2026-06-28 17:33:54.459 | INFO     | hqai.universe.agent:run:17 - ============================================================
2026-06-28 17:35:14.969 | INFO     | hqai.universe.downloader:download:24 - Connecting to NSE...
2026-06-28 17:35:15.324 | INFO     | hqai.universe.downloader:download:33 - Universe downloaded successfully.
2026-06-28 17:35:15.367 | INFO     | hqai.universe.downloader:download:39 - Rows Downloaded : 2372
2026-06-28 17:40:48.919 | INFO     | hqai.universe.downloader:download:19 - Connecting to NSE...
2026-06-28 17:40:49.470 | INFO     | hqai.universe.downloader:download:38 - Downloaded 2372 records
2026-06-28 17:44:19.057 | INFO     | hqai.universe.agent:run:15 - ============================================================
2026-06-28 17:44:19.057 | INFO     | hqai.universe.agent:run:16 - HQAI Universe Agent Started
2026-06-28 17:44:19.057 | INFO     | hqai.universe.agent:run:17 - ============================================================
